
> frontend@0.0.0 build
> vite build

[36mvite v8.0.3 [32mbuilding client environment for production...[36m[39m
[2K
transforming...鉁?1758 modules transformed.
npm : [31m鉁?[39m Build failed in 1.53s
所在位置 行:1 字符: 40
+ ... ctionPreference='Continue'; npm run build *> build-output.t
xt; Get-Co ...
+                                 ~~~~~~~~~~~~~~~~~~~~~~~~~~~~~~~
~~
    + CategoryInfo          : NotSpecified: ([31m鉁?[39m Build f 
   ailed in 1.53s:String) [], RemoteException
    + FullyQualifiedErrorId : NativeCommandError
 
[31merror during build:
[31mBuild failed with 2 errors:

[plugin vite:vue] D:/education/frontend/src/views/teacher/Attenda
nceBatchProcessing.vue:159:4
SyntaxError: [vue/compiler-sfc] Unexpected token (159:4)

D:/education/frontend/src/views/teacher/AttendanceBatchProcessing
.vue
157|      const page = await fetchTeacherAttendanceBatchTaskPage(
{ pageNum: 1, pageSize: 50 })
158|    operationLogs.value = page.list
159|    } catch (error) {
   |      ^
160|      operationLogs.value = []
161|  }
    at constructor (D:\education\frontend\node_modules\@babel\par
ser\lib\index.js:365:19)
    at Parser.raise (D:\education\frontend\node_modules\@babel\pa
rser\lib\index.js:6599:19)
    at Parser.unexpected (D:\education\frontend\node_modules\@bab
el\parser\lib\index.js:6619:16)
    at Parser.parseExprAtom (D:\education\frontend\node_modules\@
babel\parser\lib\index.js:11442:22)
    at Parser.parseExprSubscripts (D:\education\frontend\node_mod
ules\@babel\parser\lib\index.js:11081:23)
    at Parser.parseUpdate (D:\education\frontend\node_modules\@ba
bel\parser\lib\index.js:11066:21)
    at Parser.parseMaybeUnary (D:\education\frontend\node_modules
\@babel\parser\lib\index.js:11046:23)
    at Parser.parseMaybeUnaryOrPrivate (D:\education\frontend\nod
e_modules\@babel\parser\lib\index.js:10899:61)
    at Parser.parseExprOps (D:\education\frontend\node_modules\@b
abel\parser\lib\index.js:10904:23)
    at Parser.parseMaybeConditional (D:\education\frontend\node_m
odules\@babel\parser\lib\index.js:10881:23)
[plugin vite:vue] D:/education/frontend/src/views/student/Learnin
gResources.vue:152:15
SyntaxError: [vue/compiler-sfc] Identifier 'openDetail' has alrea
dy been declared. (152:15)

D:/education/frontend/src/views/student/LearningResources.vue
150|  }
151|  
152|  async function openDetail(record) {
   |                 ^
153|    detailVisible.value = true
154|    currentResource.value = record
    at constructor (D:\education\frontend\node_modules\@babel\par
ser\lib\index.js:365:19)
    at Parser.raise (D:\education\frontend\node_modules\@babel\pa
rser\lib\index.js:6599:19)
    at ScopeHandler.checkRedeclarationInScope (D:\education\front
end\node_modules\@babel\parser\lib\index.js:1619:19)
    at ScopeHandler.declareName (D:\education\frontend\node_modul
es\@babel\parser\lib\index.js:1585:12)
    at Parser.registerFunctionStatementId (D:\education\frontend\
node_modules\@babel\parser\lib\index.js:13466:16)
    at Parser.parseFunction (D:\education\frontend\node_modules\@
babel\parser\lib\index.js:13450:12)
    at Parser.parseFunctionStatement (D:\education\frontend\node_
modules\@babel\parser\lib\index.js:13125:17)
    at Parser.parseStatementContent (D:\education\frontend\node_m
odules\@babel\parser\lib\index.js:12890:25)
    at Parser.parseStatementLike (D:\education\frontend\node_modu
les\@babel\parser\lib\index.js:12767:17)
    at Parser.parseModuleItem (D:\education\frontend\node_modules
\@babel\parser\lib\index.js:12744:17)[31m
    at aggregateBindingErrorsIntoJsError (file:///D:/education/fr
ontend/node_modules/rolldown/dist/shared/error-BLhcSyeg.mjs:48:18
)
    at unwrapBindingResult (file:///D:/education/frontend/node_mo
dules/rolldown/dist/shared/error-BLhcSyeg.mjs:18:128)
    at #build (file:///D:/education/frontend/node_modules/rolldow
n/dist/shared/rolldown-build-CPrIX9V6.mjs:3313:34)
    at async buildEnvironment (file:///D:/education/frontend/node
_modules/vite/dist/node/chunks/node.js:32849:64)
    at async Object.build (file:///D:/education/frontend/node_mod
ules/vite/dist/node/chunks/node.js:33271:19)
    at async Object.buildApp (file:///D:/education/frontend/node_
modules/vite/dist/node/chunks/node.js:33268:153)
    at async CAC.<anonymous> (file:///D:/education/frontend/node_
modules/vite/dist/node/cli.js:778:3) {
  errors: [Getter/Setter]
}[39m
